[    0.000000] Initializing cgroup subsys cpuset
[    0.000000] Initializing cgroup subsys cpu
[    0.000000] Initializing cgroup subsys cpuacct
[    0.000000] Linux version 4.4.0-178-generic (buildd@lgw01-amd64-017) (gcc version 5.4.0 20160609 (Ubuntu 5.4.0-6ubuntu1~16.04.12) ) #208-Ubuntu SMP Sun Apr 5 23:45:10 UTC 2020 (Ubuntu 4.4.0-178.208-generic 4.4.217)
[    0.000000] Command line: BOOT_IMAGE=/boot/vmlinuz-4.4.0-178-generic root=LABEL=cloudimg-rootfs ro console=tty1 console=ttyS0
[    0.000000] KERNEL supported cpus:
[    0.000000]   Intel GenuineIntel
[    0.000000]   AMD AuthenticAMD
[    0.000000]   Centaur CentaurHauls
[    0.000000] x86/fpu: xstate_offset[2]:  576, xstate_sizes[2]:  256
[    0.000000] x86/fpu: Supporting XSAVE feature 0x01: 'x87 floating point registers'
[    0.000000] x86/fpu: Supporting XSAVE feature 0x02: 'SSE registers'
[    0.000000] x86/fpu: Supporting XSAVE feature 0x04: 'AVX registers'
[    0.000000] x86/fpu: Enabled xstate features 0x7, context size is 832 bytes, using 'standard' format.
[    0.000000] e820: BIOS-provided physical RAM map:
[    0.000000] BIOS-e820: [mem 0x0000000000000000-0x000000000009fbff] usable
[    0.000000] BIOS-e820: [mem 0x000000000009fc00-0x000000000009ffff] reserved
[    0.000000] BIOS-e820: [mem 0x00000000000f0000-0x00000000000fffff] reserved
[    0.000000] BIOS-e820: [mem 0x0000000000100000-0x000000001ffeffff] usable
[    0.000000] BIOS-e820: [mem 0x000000001fff0000-0x000000001fffffff] ACPI data
[    0.000000] BIOS-e820: [mem 0x00000000fec00000-0x00000000fec00fff] reserved
[    0.000000] BIOS-e820: [mem 0x00000000fee00000-0x00000000fee00fff] reserved
[    0.000000] BIOS-e820: [mem 0x00000000fffc0000-0x00000000ffffffff] reserved
[    0.000000] NX (Execute Disable) protection: active
[    0.000000] SMBIOS 2.5 present.
[    0.000000] Hypervisor detected: KVM
[    0.000000] e820: last_pfn = 0x1fff0 max_arch_pfn = 0x400000000
[    0.000000] MTRR: Disabled
[    0.000000] x86/PAT: MTRRs disabled, skipping PAT initialization too.
[    0.000000] CPU MTRRs all blank - virtualized system.
[    0.000000] x86/PAT: Configuration [0-7]: WB  WT  UC- UC  WB  WT  UC- UC  
[    0.000000] found SMP MP-table at [mem 0x0009fff0-0x0009ffff] mapped at [ffff88000009fff0]
[    0.000000] Scanning 1 areas for low memory corruption
[    0.000000] RAMDISK: [mem 0x1e89d000-0x1f724fff]
[    0.000000] ACPI: Early table checksum verification disabled
[    0.000000] ACPI: RSDP 0x00000000000E0000 000024 (v02 VBOX  )
[    0.000000] ACPI: XSDT 0x000000001FFF0030 00003C (v01 VBOX   VBOXXSDT 00000001 ASL  00000061)
[    0.000000] ACPI: FACP 0x000000001FFF00F0 0000F4 (v04 VBOX   VBOXFACP 00000001 ASL  00000061)
[    0.000000] ACPI: DSDT 0x000000001FFF0470 0021FF (v02 VBOX   VBOXBIOS 00000002 INTL 20180105)
[    0.000000] ACPI: FACS 0x000000001FFF0200 000040
[    0.000000] ACPI: FACS 0x000000001FFF0200 000040
[    0.000000] ACPI: APIC 0x000000001FFF0240 00005C (v02 VBOX   VBOXAPIC 00000001 ASL  00000061)
[    0.000000] ACPI: SSDT 0x000000001FFF02A0 0001CC (v01 VBOX   VBOXCPUT 00000002 INTL 20180105)
[    0.000000] No NUMA configuration found
[    0.000000] Faking a node at [mem 0x0000000000000000-0x000000001ffeffff]
[    0.000000] NODE_DATA(0) allocated [mem 0x1ffeb000-0x1ffeffff]
[    0.000000] kvm-clock: Using msrs 4b564d01 and 4b564d00
[    0.000000] kvm-clock: cpu 0, msr 0:1ffe3001, primary cpu clock
[    0.000000] kvm-clock: using sched offset of 7349316478 cycles
[    0.000000] clocksource: kvm-clock: mask: 0xffffffffffffffff max_cycles: 0x1cd42e4dffb, max_idle_ns: 881590591483 ns
[    0.000000] Zone ranges:
[    0.000000]   DMA      [mem 0x0000000000001000-0x0000000000ffffff]
[    0.000000]   DMA32    [mem 0x0000000001000000-0x000000001ffeffff]
[    0.000000]   Normal   empty
[    0.000000]   Device   empty
[    0.000000] Movable zone start for each node
[    0.000000] Early memory node ranges
[    0.000000]   node   0: [mem 0x0000000000001000-0x000000000009efff]
[    0.000000]   node   0: [mem 0x0000000000100000-0x000000001ffeffff]
[    0.000000] Initmem setup node 0 [mem 0x0000000000001000-0x000000001ffeffff]
[    0.000000] ACPI: PM-Timer IO Port: 0x4008
[    0.000000] IOAPIC[0]: apic_id 2, version 32, address 0xfec00000, GSI 0-23
[    0.000000] ACPI: INT_SRC_OVR (bus 0 bus_irq 0 global_irq 2 dfl dfl)
[    0.000000] ACPI: INT_SRC_OVR (bus 0 bus_irq 9 global_irq 9 low level)
[    0.000000] Using ACPI (MADT) for SMP configuration information
[    0.000000] smpboot: Allowing 2 CPUs, 0 hotplug CPUs
[    0.000000] PM: Registered nosave memory: [mem 0x00000000-0x00000fff]
[    0.000000] PM: Registered nosave memory: [mem 0x0009f000-0x0009ffff]
[    0.000000] PM: Registered nosave memory: [mem 0x000a0000-0x000effff]
[    0.000000] PM: Registered nosave memory: [mem 0x000f0000-0x000fffff]
[    0.000000] e820: [mem 0x20000000-0xfebfffff] available for PCI devices
[    0.000000] Booting paravirtualized kernel on KVM
[    0.000000] clocksource: refined-jiffies: mask: 0xffffffff max_cycles: 0xffffffff, max_idle_ns: 7645519600211568 ns
[    0.000000] setup_percpu: NR_CPUS:512 nr_cpumask_bits:512 nr_cpu_ids:2 nr_node_ids:1
[    0.000000] PERCPU: Embedded 33 pages/cpu @ffff88001fc00000 s95448 r8192 d31528 u1048576
[    0.000000] Built 1 zonelists in Node order, mobility grouping on.  Total pages: 128888
[    0.000000] Policy zone: DMA32
[    0.000000] Kernel command line: BOOT_IMAGE=/boot/vmlinuz-4.4.0-178-generic root=LABEL=cloudimg-rootfs ro console=tty1 console=ttyS0
[    0.000000] PID hash table entries: 2048 (order: 2, 16384 bytes)
[    0.000000] Memory: 481592K/523832K available (8626K kernel code, 1336K rwdata, 4036K rodata, 1488K init, 1292K bss, 42240K reserved, 0K cma-reserved)
[    0.000000] SLUB: HWalign=64, Order=0-3, MinObjects=0, CPUs=2, Nodes=1
[    0.000000] Kernel/User page tables isolation: enabled
[    0.000000] Hierarchical RCU implementation.
[    0.000000] 	Build-time adjustment of leaf fanout to 64.
[    0.000000] 	RCU restricting CPUs from NR_CPUS=512 to nr_cpu_ids=2.
[    0.000000] RCU: Adjusting geometry for rcu_fanout_leaf=64, nr_cpu_ids=2
[    0.000000] NR_IRQS:33024 nr_irqs:440 16
[    0.000000] Console: colour VGA+ 80x25
[    0.000000] console [tty1] enabled
[    0.000000] console [ttyS0] enabled
[    0.000000] tsc: Detected 2297.366 MHz processor
[    3.063035] Calibrating delay loop (skipped) preset value.. 4594.73 BogoMIPS (lpj=9189464)
[    3.083115] pid_max: default: 32768 minimum: 301
[    3.107178] ACPI: Core revision 20150930
[    3.122134] ACPI: 2 ACPI AML tables successfully acquired and loaded
[    3.139061] Security Framework initialized
[    3.146161] Yama: becoming mindful.
[    3.156586] AppArmor: AppArmor initialized
[    3.164390] Dentry cache hash table entries: 65536 (order: 7, 524288 bytes)
[    3.176496] Inode-cache hash table entries: 32768 (order: 6, 262144 bytes)
[    3.196687] Mount-cache hash table entries: 1024 (order: 1, 8192 bytes)
[    3.209143] Mountpoint-cache hash table entries: 1024 (order: 1, 8192 bytes)
[    3.221549] Initializing cgroup subsys io
[    3.228627] Initializing cgroup subsys memory
[    3.242633] Initializing cgroup subsys devices
[    3.254468] Initializing cgroup subsys freezer
[    3.269360] Initializing cgroup subsys net_cls
[    3.277668] Initializing cgroup subsys perf_event
[    3.290974] Initializing cgroup subsys net_prio
[    3.312555] Initializing cgroup subsys hugetlb
[    3.320423] Initializing cgroup subsys pids
[    3.329567] mce: CPU supports 0 MCE banks
[    3.340146] Last level iTLB entries: 4KB 64, 2MB 8, 4MB 8
[    3.351030] Last level dTLB entries: 4KB 64, 2MB 0, 4MB 0, 1GB 4
[    3.377801] Spectre V1 : Mitigation: usercopy/swapgs barriers and __user pointer sanitization
[    3.402817] Spectre V2 : Mitigation: Full generic retpoline
[    3.416453] Spectre V2 : Spectre v2 / SpectreRSB mitigation: Filling RSB on context switch
[    3.475131] Speculative Store Bypass: Vulnerable
[    3.487077] MDS: Mitigation: Clear CPU buffers
[    3.562755] Freeing SMP alternatives memory: 36K
[    3.636538] ftrace: allocating 32308 entries in 127 pages
[    4.046148] smpboot: APIC(0) Converting physical 0 to logical package 0
[    4.063484] smpboot: Max logical packages: 1
[    4.095179] x2apic enabled
[    4.102171] Switched APIC routing to physical x2apic.
[    4.134597] ..TIMER: vector=0x30 apic1=0 pin1=2 apic2=-1 pin2=-1
[    4.257150] smpboot: CPU0: Intel(R) Xeon(R) CPU E5-2697 v4 @ 2.30GHz (family: 0x6, model: 0x4f, stepping: 0x0)
[    4.284435] Performance Events: unsupported p6 CPU model 79 no PMU driver, software events only.
[    4.395245] KVM setup paravirtual spinlock
[    4.403894] x86: Booting SMP configuration:
[    4.418462] .... node  #0, CPUs:      #1
[    4.435224] kvm-clock: cpu 1, msr 0:1ffe3041, secondary cpu clock
[    4.444155] mce: CPU supports 0 MCE banks
[    4.470068] x86: Booted up 1 node, 2 CPUs
[    4.481362] smpboot: Total of 2 processors activated (9189.46 BogoMIPS)
[    4.498648] devtmpfs: initialized
[    4.506556] evm: security.selinux
[    4.523450] evm: security.SMACK64
[    4.529596] evm: security.SMACK64EXEC
[    4.536074] evm: security.SMACK64TRANSMUTE
[    4.548578] evm: security.SMACK64MMAP
[    4.556355] evm: security.ima
[    4.562125] evm: security.capability
[    4.570451] clocksource: jiffies: mask: 0xffffffff max_cycles: 0xffffffff, max_idle_ns: 7645041785100000 ns
[    4.586176] futex hash table entries: 512 (order: 3, 32768 bytes)
[    4.597175] pinctrl core: initialized pinctrl subsystem
[    4.606998] RTC time: 20:09:48, date: 05/18/20
[    4.615227] NET: Registered protocol family 16
[    4.642047] cpuidle: using governor ladder
[    4.665817] cpuidle: using governor menu
[    4.672495] PCCT header not found.
[    4.678944] ACPI: bus type PCI registered
[    4.691769] acpiphp: ACPI Hot Plug PCI Controller Driver version: 0.5
[    4.705369] PCI: Using configuration type 1 for base access
[    4.756635] ACPI: Added _OSI(Module Device)
[    4.776454] ACPI: Added _OSI(Processor Device)
[    4.793403] ACPI: Added _OSI(3.0 _SCP Extensions)
[    4.810932] ACPI: Added _OSI(Processor Aggregator Device)
[    4.834508] ACPI: Executed 1 blocks of module-level executable AML code
[    4.857783] ACPI: Interpreter enabled
[    4.868499] ACPI: (supports S0 S5)
[    4.888418] ACPI: Using IOAPIC for interrupt routing
[    4.912777] PCI: Using host bridge windows from ACPI; if necessary, use "pci=nocrs" and report a bug
[    4.963314] ACPI: PCI Root Bridge [PCI0] (domain 0000 [bus 00-ff])
[    4.979978] acpi PNP0A03:00: _OSC: OS supports [ASPM ClockPM Segments MSI]
[    5.009354] acpi PNP0A03:00: _OSC: not requesting OS control; OS requires [ExtendedConfig ASPM ClockPM MSI]
[    5.041690] acpi PNP0A03:00: fail to add MMCONFIG information, can't access extended PCI configuration space under this bridge.
[    5.096362] PCI host bridge to bus 0000:00
[    5.103867] pci_bus 0000:00: root bus resource [io  0x0000-0x0cf7 window]
[    5.124581] pci_bus 0000:00: root bus resource [io  0x0d00-0xffff window]
[    5.167178] pci_bus 0000:00: root bus resource [mem 0x000a0000-0x000bffff window]
[    5.191707] pci_bus 0000:00: root bus resource [mem 0x20000000-0xfdffffff window]
[    5.215217] pci_bus 0000:00: root bus resource [bus 00-ff]
[    5.245866] pci 0000:00:01.1: legacy IDE quirk: reg 0x10: [io  0x01f0-0x01f7]
[    5.277093] pci 0000:00:01.1: legacy IDE quirk: reg 0x14: [io  0x03f6]
[    5.305382] pci 0000:00:01.1: legacy IDE quirk: reg 0x18: [io  0x0170-0x0177]
[    5.356219] pci 0000:00:01.1: legacy IDE quirk: reg 0x1c: [io  0x0376]
[    5.579515] pci 0000:00:07.0: quirk: [io  0x4000-0x403f] claimed by PIIX4 ACPI
[    5.597670] pci 0000:00:07.0: quirk: [io  0x4100-0x410f] claimed by PIIX4 SMB
[    5.693456] ACPI: PCI Interrupt Link [LNKA] (IRQs 5 9 10 *11)
[    5.708687] ACPI: PCI Interrupt Link [LNKB] (IRQs 5 9 *10 11)
[    5.722989] ACPI: PCI Interrupt Link [LNKC] (IRQs 5 *9 10 11)
[    5.741906] ACPI: PCI Interrupt Link [LNKD] (IRQs 5 9 10 *11)
[    5.759161] ACPI: Enabled 2 GPEs in block 00 to 07
[    5.772687] vgaarb: setting as boot device: PCI:0000:00:02.0
[    5.781958] vgaarb: device added: PCI:0000:00:02.0,decodes=io+mem,owns=io+mem,locks=none
[    5.805146] vgaarb: loaded
[    5.815088] vgaarb: bridge control possible 0000:00:02.0
[    5.825181] SCSI subsystem initialized
[    5.835783] ACPI: bus type USB registered
[    5.849320] usbcore: registered new interface driver usbfs
[    5.858931] usbcore: registered new interface driver hub
[    5.868080] usbcore: registered new device driver usb
[    5.887835] PCI: Using ACPI for IRQ routing
[    5.902203] NetLabel: Initializing
[    5.911145] NetLabel:  domain hash size = 128
[    5.948107] NetLabel:  protocols = UNLABELED CIPSOv4
[    5.970306] NetLabel:  unlabeled traffic allowed by default
[    6.010710] amd_nb: Cannot enumerate AMD northbridges
[    6.025767] clocksource: Switched to clocksource kvm-clock
[    6.058103] AppArmor: AppArmor Filesystem Enabled
[    6.067680] pnp: PnP ACPI init
[    6.077810] pnp: PnP ACPI: found 3 devices
[    6.118351] clocksource: acpi_pm: mask: 0xffffff max_cycles: 0xffffff, max_idle_ns: 2085701024 ns
[    6.135581] NET: Registered protocol family 2
[    6.145344] TCP established hash table entries: 4096 (order: 3, 32768 bytes)
[    6.158334] TCP bind hash table entries: 4096 (order: 4, 65536 bytes)
[    6.170363] TCP: Hash tables configured (establshed 4096 bind 4096)
[    6.555668] UDP hash table entries: 256 (order: 1, 8192 bytes)
[    6.571350] UDP-Lite hash table entries: 256 (order: 1, 8192 bytes)
[    6.588316] NET: Registered protocol family 1
[    6.600331] pci 0000:00:00.0: Limiting direct PCI/PCI transfers
[    6.615978] pci 0000:00:01.0: Activating ISA DMA hang workarounds
[    6.636883] Unpacking initramfs...
[    7.246184] Freeing initrd memory: 14880K
[    7.268398] clocksource: tsc: mask: 0xffffffffffffffff max_cycles: 0x211d7cf6126, max_idle_ns: 440795269335 ns
[    7.287498] platform rtc_cmos: registered platform RTC device (no PNP device found)
[    7.309473] Scanning for low memory corruption every 60 seconds
[    7.324192] audit: initializing netlink subsys (disabled)
[    7.336199] audit: type=2000 audit(1589832595.917:1): initialized
[    7.348855] Initialise system trusted keyring
[    7.358612] HugeTLB registered 2 MB page size, pre-allocated 0 pages
[    7.376842] zbud: loaded
[    7.384319] VFS: Disk quotas dquot_6.6.0
[    7.393948] VFS: Dquot-cache hash table entries: 512 (order 0, 4096 bytes)
[    7.418169] squashfs: version 4.0 (2009/01/31) Phillip Lougher
[    7.430031] fuse init (API version 7.23)
[    7.439020] Key type big_key registered
[    7.447213] Allocating IMA MOK and blacklist keyrings.
[    7.468178] Key type asymmetric registered
[    7.477596] Asymmetric key parser 'x509' registered
[    7.487172] Block layer SCSI generic (bsg) driver version 0.4 loaded (major 249)
[    7.505375] io scheduler noop registered
[    7.514008] io scheduler deadline registered (default)
[    7.525963] io scheduler cfq registered
[    7.541627] pci_hotplug: PCI Hot Plug PCI Core version: 0.5
[    7.552207] pciehp: PCI Express Hot Plug Controller Driver version: 0.4
[    7.564698] ACPI: AC Adapter [AC] (on-line)
[    7.573216] input: Power Button as /devices/LNXSYSTM:00/LNXPWRBN:00/input/input0
[    7.605266] ACPI: Power Button [PWRF]
[    7.613535] input: Sleep Button as /devices/LNXSYSTM:00/LNXSLPBN:00/input/input1
[    7.628829] ACPI: Sleep Button [SLPF]
[    7.637893] GHES: HEST is not enabled!
[    7.646168] Serial: 8250/16550 driver, 32 ports, IRQ sharing enabled
[    7.702248] 00:02: ttyS0 at I/O 0x3f8 (irq = 4, base_baud = 115200) is a 16550A
[    7.718283] Linux agpgart interface v0.103
[    7.745689] loop: module loaded
[    7.773571] scsi host0: ata_piix
[    7.800951] scsi host1: ata_piix
[    7.819008] ata1: PATA max UDMA/33 cmd 0x1f0 ctl 0x3f6 bmdma 0xd000 irq 14
[    7.830874] ata2: PATA max UDMA/33 cmd 0x170 ctl 0x376 bmdma 0xd008 irq 15
[    7.851689] libphy: Fixed MDIO Bus: probed
[    7.863800] tun: Universal TUN/TAP device driver, 1.6
[    7.877539] tun: (C) 1999-2004 Max Krasnyansky <maxk@qualcomm.com>
[    7.893029] PPP generic driver version 2.4.2
[    7.923584] ehci_hcd: USB 2.0 'Enhanced' Host Controller (EHCI) Driver
[    7.935542] ehci-pci: EHCI PCI platform driver
[    7.948010] ehci-platform: EHCI generic platform driver
[    7.957166] ohci_hcd: USB 1.1 'Open' Host Controller (OHCI) Driver
[    7.968233] ohci-pci: OHCI PCI platform driver
[    7.977154] ohci-platform: OHCI generic platform driver
[    8.010578] uhci_hcd: USB Universal Host Controller Interface driver
[    8.034152] i8042: PNP: PS/2 Controller [PNP0303:PS2K,PNP0f03:PS2M] at 0x60,0x64 irq 1,12
[    8.053429] serio: i8042 KBD port at 0x60,0x64 irq 1
[    8.062859] serio: i8042 AUX port at 0x60,0x64 irq 12
[    8.081123] mousedev: PS/2 mouse device common for all mice
[    8.103780] rtc_cmos rtc_cmos: rtc core: registered rtc_cmos as rtc0
[    8.127574] input: AT Translated Set 2 keyboard as /devices/platform/i8042/serio0/input/input2
[    8.144122] rtc_cmos rtc_cmos: alarms up to one day, 114 bytes nvram
[    8.181401] i2c /dev entries driver
[    8.193296] device-mapper: uevent: version 1.0.3
[    8.207345] device-mapper: ioctl: 4.34.0-ioctl (2015-10-28) initialised: dm-devel@redhat.com
[    8.232351] ledtrig-cpu: registered to indicate activity on CPUs
[    8.270569] NET: Registered protocol family 10
[    8.282154] NET: Registered protocol family 17
[    8.291757] Key type dns_resolver registered
[    8.312144] registered taskstats version 1
[    8.321730] Loading compiled-in X.509 certificates
[    8.346804] Loaded X.509 cert 'Build time autogenerated kernel key: f33c437cc9123d9712070bdfe932b55b24c56047'
[    8.383346] zswap: loaded using pool lzo/zbud
[    8.427875] Key type trusted registered
[    8.474922] Key type encrypted registered
[    8.509645] AppArmor: AppArmor sha1 policy hashing enabled
[    8.589403] ima: No TPM chip found, activating TPM-bypass!
[    8.607059] ima: Allocated hash algorithm: sha1
[    8.624583] evm: HMAC attrs: 0x1
[    8.636435]   Magic number: 4:86:195
[    8.645511] rtc_cmos rtc_cmos: setting system clock to 2020-05-18 20:09:53 UTC (1589832593)
[    8.671438] BIOS EDD facility v0.16 2004-Jun-25, 0 devices found
[    8.697852] EDD information not available.
[    8.717843] Freeing unused kernel memory: 1488K
[    8.733888] Write protecting the kernel read-only data: 14336k
[    8.750653] Freeing unused kernel memory: 1604K
[    8.791021] Freeing unused kernel memory: 60K
Loading, please wait...
starting version 229
[    8.871490] random: systemd-udevd: uninitialized urandom read (16 bytes read, 5 bits of entropy available)
[    8.876571] random: udevadm: uninitialized urandom read (16 bytes read, 5 bits of entropy available)
[    8.876594] random: udevadm: uninitialized urandom read (16 bytes read, 5 bits of entropy available)
[    8.929058] random: udevadm: uninitialized urandom read (16 bytes read, 5 bits of entropy available)
[    8.929423] random: udevadm: uninitialized urandom read (16 bytes read, 5 bits of entropy available)
[    8.929679] random: udevadm: uninitialized urandom read (16 bytes read, 5 bits of entropy available)
[    8.929904] random: udevadm: uninitialized urandom read (16 bytes read, 5 bits of entropy available)
[    8.929990] random: udevadm: uninitialized urandom read (16 bytes read, 5 bits of entropy available)
[    8.930090] random: udevadm: uninitialized urandom read (16 bytes read, 5 bits of entropy available)
[    8.930250] random: udevadm: uninitialized urandom read (16 bytes read, 5 bits of entropy available)
[    9.215411] e1000: Intel(R) PRO/1000 Network Driver - version 7.3.21-k8-NAPI
[    9.233039] e1000: Copyright (c) 1999-2006 Intel Corporation.
[    9.255544] Fusion MPT base driver 3.04.20
[    9.265224] Copyright (c) 1999-2008 LSI Corporation
[    9.313185] AVX2 version of gcm_enc/dec engaged.
[    9.328138] AES CTR mode by8 optimization enabled
[    9.356835] Fusion MPT SPI Host driver 3.04.20
[    9.506467] input: ImExPS/2 Generic Explorer Mouse as /devices/platform/i8042/serio1/input/input4
[   10.220396] e1000 0000:00:03.0 eth0: (PCI:33MHz:32-bit) 02:cb:9c:89:30:63
[   10.257983] e1000 0000:00:03.0 eth0: Intel(R) PRO/1000 Network Connection
[   11.123089] e1000 0000:00:08.0 eth1: (PCI:33MHz:32-bit) 08:00:27:a6:85:67
[   11.133868] e1000 0000:00:08.0 eth1: Intel(R) PRO/1000 Network Connection
[   11.146828] mptbase: ioc0: Initiating bringup
[   11.148030] e1000 0000:00:03.0 enp0s3: renamed from eth0
[   11.182417] e1000 0000:00:08.0 enp0s8: renamed from eth1
[   11.246915] ioc0: LSI53C1030 A0: Capabilities={Initiator}
[   12.544836] scsi host2: ioc0: LSI53C1030 A0, FwRev=00000000h, Ports=1, MaxQ=256, IRQ=20
[   13.356514] scsi 2:0:0:0: Direct-Access     VBOX     HARDDISK         1.0  PQ: 0 ANSI: 5
[   13.378024] scsi target2:0:0: Beginning Domain Validation
[   13.396602] scsi target2:0:0: Domain Validation skipping write tests
[   13.411618] scsi target2:0:0: Ending Domain Validation
[   13.426636] scsi target2:0:0: asynchronous
[   13.441738] scsi 2:0:1:0: Direct-Access     VBOX     HARDDISK         1.0  PQ: 0 ANSI: 5
[   13.464401] scsi target2:0:1: Beginning Domain Validation
[   13.558941] scsi target2:0:1: Domain Validation skipping write tests
[   13.654651] scsi target2:0:1: Ending Domain Validation
[   13.664966] scsi target2:0:1: asynchronous
[   14.396784] sd 2:0:0:0: Attached scsi generic sg0 type 0
[   14.407377] sd 2:0:0:0: [sda] 20971520 512-byte logical blocks: (10.7 GB/10.0 GiB)
[   14.434921] sd 2:0:0:0: [sda] Write Protect is off
[   14.435967] sd 2:0:1:0: [sdb] 20480 512-byte logical blocks: (10.5 MB/10.0 MiB)
[   14.442022] sd 2:0:1:0: [sdb] Write Protect is off
[   14.442555] sd 2:0:1:0: [sdb] Incomplete mode parameter data
[   14.442558] sd 2:0:1:0: [sdb] Assuming drive cache: write through
[   14.449050] sd 2:0:1:0: Attached scsi generic sg1 type 0
[   14.458570] sd 2:0:1:0: [sdb] Attached SCSI disk
[   14.631030] sd 2:0:0:0: [sda] Incomplete mode parameter data
[   14.661778] sd 2:0:0:0: [sda] Assuming drive cache: write through
[   14.691367]  sda: sda1
[   14.705186] sd 2:0:0:0: [sda] Attached SCSI disk
Begin: Loading essential drivers ... [   18.213028] md: linear personality registered for level -1
[   18.240121] md: multipath personality registered for level -4
[   18.266844] md: raid0 personality registered for level 0
[   18.302833] md: raid1 personality registered for level 1
[   18.386143] raid6: sse2x1   gen()  5843 MB/s
[   18.461898] raid6: sse2x1   xor()  4884 MB/s
[   18.541896] raid6: sse2x2   gen()  8701 MB/s
[   18.621905] raid6: sse2x2   xor()  6233 MB/s
[   18.697837] raid6: sse2x4   gen() 10567 MB/s
[   18.774402] raid6: sse2x4   xor()  7336 MB/s
[   18.853895] raid6: avx2x1   gen() 14643 MB/s
[   18.929885] raid6: avx2x2   gen() 16631 MB/s
[   19.006158] raid6: avx2x4   gen() 14975 MB/s
[   19.028510] raid6: using algorithm avx2x2 gen() 16631 MB/s
[   19.061327] raid6: using avx2x2 recovery algorithm
[   19.082108] xor: automatically using best checksumming function:
[   19.134309]    avx       : 12685.000 MB/sec
[   19.166413] async_tx: api initialized (async)
[   19.222198] md: raid6 personality registered for level 6
[   19.231909] md: raid5 personality registered for level 5
[   19.241360] md: raid4 personality registered for level 4
[   19.269011] md: raid10 personality registered for level 10
done.
Begin: Running /scripts/init-premount ... done.
Begin: Mounting root file system ... Begin: Running /scripts/local-top ... done.
Begin: Running /scripts/local-premount ... [   19.385039] Btrfs loaded
Scanning for Btrfs filesystems
done.
Warning: fsck not present, so skipping root file system
[   19.479648] EXT4-fs (sda1): mounted filesystem with ordered data mode. Opts: (null)
done.
Begin: Running /scripts/local-bottom ... done.
Begin: Running /scripts/init-bottom ... done.
[   19.770177] systemd[1]: systemd 229 running in system mode. (+PAM +AUDIT +SELINUX +IMA +APPARMOR +SMACK +SYSVINIT +UTMP +LIBCRYPTSETUP +GCRYPT +GNUTLS +ACL +XZ -LZ4 +SECCOMP +BLKID +ELFUTILS +KMOD -IDN)
[   19.822882] systemd[1]: Detected virtualization oracle.
[   19.838532] systemd[1]: Detected architecture x86-64.

Welcome to [1mUbuntu 16.04.6 LTS[0m!

[   19.869810] systemd[1]: Set hostname to <ubuntu>.
[   19.890458] systemd[1]: Initializing machine ID from random generator.
[   19.909233] systemd[1]: Installed transient /etc/machine-id file.
[   20.321837] systemd[1]: Listening on Journal Socket.
[[0;32m  OK  [0m] Listening on Journal Socket.
[   20.347770] systemd[1]: Started Forward Password Requests to Wall Directory Watch.
[[0;32m  OK  [0m] Started Forward Password Requests to Wall Directory Watch.
[   20.378428] systemd[1]: Reached target Swap.
[[0;32m  OK  [0m] Reached target Swap.
[   20.398510] systemd[1]: Reached target User and Group Name Lookups.
[[0;32m  OK  [0m] Reached target User and Group Name Lookups.
[   20.422908] systemd[1]: Created slice System Slice.
[[0;32m  OK  [0m] Created slice System Slice.
[   20.458339] systemd[1]: Starting Load Kernel Modules...
[   20.467803] random: nonblocking pool is initialized
[   20.498900] Loading iSCSI transport class v2.0-870.
         Starting Load Kernel Modules...
[   20.514296] systemd[1]: Mounting Huge Pages File System...
         Mounting Huge Pages File System...
[   20.544469] iscsi: registered transport (tcp)
[   20.550947] systemd[1]: Listening on Journal Audit Socket.
[[0;32m  OK  [0m] Listening on Journal Audit Socket.
[   20.571243] systemd[1]: Set up automount Arbitrary Executable File Formats File System Automount Point.
[[0;32m  OK  [0m] Set up automount Arbitrary Executab...ats File System Automount Point.
[   20.622618] systemd[1]: Starting Remount Root and Kernel File Systems...
         Starting Remount Root and Kernel File Systems...
[   20.645996] EXT4-fs (sda1): re-mounted. Opts: (null)
[   20.652587] systemd[1]: Listening on Syslog Socket.
[[0;32m  OK  [0m] Listening on Syslog Socket.
[   20.682434] systemd[1]: Mounting POSIX Message Queue File System...
         Mounting POSIX Message Queue File System...
[   20.712611] systemd[1]: Created slice system-serial\x2dgetty.slice.
[[0;32m  OK  [0m] Created slice system-serial\x2dgetty.slice.
[   20.756246] systemd[1]: Starting Set console keymap...
[   20.756421] iscsi: registered transport (iser)
         Starting Set console keymap...
[   20.791307] systemd[1]: Mounting Debug File System...
         Mounting Debug File System...
[   20.838358] systemd[1]: Starting Nameserver information manager...
         Starting Nameserver information manager...
[   20.876446] systemd[1]: Listening on udev Kernel Socket.
[[0;32m  OK  [0m] Listening on udev Kernel Socket.
[   20.904464] systemd[1]: Listening on /dev/initctl Compatibility Named Pipe.
[[0;32m  OK  [0m] Listening on /dev/initctl Compatibility Named Pipe.
[   20.933122] systemd[1]: Started Trigger resolvconf update for networkd DNS.
[[0;32m  OK  [0m] Started Trigger resolvconf update for networkd DNS.
[   20.962081] systemd[1]: Listening on udev Control Socket.
[[0;32m  OK  [0m] Listening on udev Control Socket.
[   21.006499] systemd[1]: Starting Create list of required static device nodes for the current kernel...
         Starting Create list of required st... nodes for the current kernel...
[   21.048248] systemd[1]: Listening on LVM2 poll daemon socket.
[[0;32m  OK  [0m] Listening on LVM2 poll daemon socket.
[   21.072576] systemd[1]: Reached target System Time Synchronized.
[[0;32m  OK  [0m] Reached target System Time Synchronized.
[   21.114670] systemd[1]: Starting Uncomplicated firewall...
         Starting Uncomplicated firewall...
[   21.135433] systemd[1]: Listening on Journal Socket (/dev/log).
[[0;32m  OK  [0m] Listening on Journal Socket (/dev/log).
[   21.158568] systemd[1]: Listening on Device-mapper event daemon FIFOs.
[[0;32m  OK  [0m] Listening on Device-mapper event daemon FIFOs.
[   21.183152] systemd[1]: Reached target Encrypted Volumes.
[[0;32m  OK  [0m] Reached target Encrypted Volumes.
[   21.208035] systemd[1]: Created slice User and Session Slice.
[[0;32m  OK  [0m] Created slice User and Session Slice.
[   21.232756] systemd[1]: Reached target Slices.
[[0;32m  OK  [0m] Reached target Slices.
[   21.266167] systemd[1]: Starting Journal Service...
         Starting Journal Service...
[   21.292501] systemd[1]: Listening on LVM2 metadata daemon socket.
[[0;32m  OK  [0m] Listening on LVM2 metadata daemon socket.
[   21.317661] systemd[1]: Starting Monitoring of LVM2 mirrors, snapshots etc. using dmeventd or progress polling...
         Starting Monitoring of LVM2 mirrors... dmeventd or progress polling...
[   21.427227] systemd[1]: Mounted POSIX Message Queue File System.
[[0;32m  OK  [0m] Mounted POSIX Message Queue File System.
[   21.465555] systemd[1]: Mounted Debug File System.
[[0;32m  OK  [0m] Mounted Debug File System.
[   21.498095] systemd[1]: Mounted Huge Pages File System.
[[0;32m  OK  [0m] Mounted Huge Pages File System.
[   21.530427] systemd[1]: Started Journal Service.
[[0;32m  OK  [0m] Started Journal Service.
[[0;32m  OK  [0m] Started Load Kernel Modules.
[[0;32m  OK  [0m] Started Remount Root and Kernel File Systems.
[[0;32m  OK  [0m] Started Set console keymap.
[[0;32m  OK  [0m] Started Create list of required sta...ce nodes for the current kernel.
[[0;32m  OK  [0m] Started Uncomplicated firewall.
[[0;32m  OK  [0m] Started Nameserver information manager.
[[0;32m  OK  [0m] Started LVM2 metadata daemon.
         Starting Create Static Device Nodes in /dev...
         Starting Load/Save Random Seed...
         Starting udev Coldplug all Devices...
         Starting Apply Kernel Variables...
         Mounting FUSE Control File System...
         Starting Flush Journal to Persistent Storage...
[[0;32m  OK  [0m] Mounted FUSE Control File System.
[[0;32m  OK  [0m] Started Create Static Device Nodes in /dev.
[[0;32m  OK  [0m] Started Load/Save Random Seed.
[[0;32m  OK  [0m] Started Monitoring of LVM2 mirrors,...ng dmeventd or progress polling.
[[0;32m  OK  [0m] Started Apply Kernel Variables.
         Starting udev Kernel Device Manager...
[[0;32m  OK  [0m] Reached target Local File Systems (Pre).
[[0;32m  OK  [0m] Reached target Local File Systems.
         Starting Set console font and keymap...
         Starting Initial cloud-init job (pre-networking)...
         Starting LSB: AppArmor initialization...
         Starting Commit a transient machine-id on disk...
         Starting Tell Plymouth To Write Out Runtime Data...
[[0;32m  OK  [0m] Started udev Kernel Device Manager.
[[0;32m  OK  [0m] Started udev Coldplug all Devices.
[[0;32m  OK  [0m] Started Commit a transient machine-id on disk.
[[0;32m  OK  [0m] Started Tell Plymouth To Write Out Runtime Data.
[[0;32m  OK  [0m] Started Dispatch Password Requests to Console Directory Watch.
[[0;32m  OK  [0m] Started Flush Journal to Persistent Storage.
         Starting Create Volatile Files and Directories...
[[0;32m  OK  [0m] Started Create Volatile Files and Directories.
[[0;32m  OK  [0m] Found device /dev/ttyS0.
[[0;32m  OK  [0m] Listening on Load/Save RF Kill Switch Status /dev/rfkill Watch.
         Starting Update UTMP about System Boot/Shutdown...
[   20.425469] cloud-init[471]: Cloud-init v. 19.4-33-gbb4131a2-0ubuntu1~16.04.1 running 'init-local' at Mon, 18 May 2020 20:10:09 +0000. Up 19.56 seconds.
[[0;32m  OK  [0m] Started LSB: AppArmor initialization.
[[0;32m  OK  [0m] Started Initial cloud-init job (pre-networking).
[[0;32m  OK  [0m] Reached target Network (Pre).
         Starting Raise network interfaces...
[[0;32m  OK  [0m] Started Set console font and keymap.
[[0;32m  OK  [0m] Started Update UTMP about System Boot/Shutdown.
[[0;32m  OK  [0m] Created slice system-getty.slice.
[[0;32m  OK  [0m] Started Raise network interfaces.
         Starting Initial cloud-init job (metadata service crawler)...
[[0;32m  OK  [0m] Reached target Network.
[   27.756890] cloud-init[957]: Cloud-init v. 19.4-33-gbb4131a2-0ubuntu1~16.04.1 running 'init' at Mon, 18 May 2020 20:10:15 +0000. Up 26.23 seconds.
[   27.800700] cloud-init[957]: ci-info: ++++++++++++++++++++++++++++++++++++++Net device info+++++++++++++++++++++++++++++++++++++++
[   27.839535] cloud-init[957]: ci-info: +--------+-------+----------------------------+---------------+--------+-------------------+
[   27.885133] [[0;32m  OK  [0mcloud-init] Started Initial cloud-init job (metadata service crawler).
[957]: ci-info: | Device |   Up  |          Address           |      Mask     | Scope  |     Hw-Address    |
[   27.939292] cloud-init[957]: ci-info: +--------+-------+----------------------------+---------------+--------+-------------------+
[[0;32m  OK  [0m] Reached target Network is Online.
[   28.013535] cloud-init[957]: ci-info: | enp0s3 |  True |         10.0.2.15          | 255.255.255.0 | global | 02:cb:9c:89:30:63 |
[   28.475576]          Starting iSCSI initiator daemon (iscsid)...
[[0;32m  OK  [0m] Reached target Cloud-config availability.
[[0;32m  OK  [0m] Reached target System Initialization.
         Starting Socket activation for snappy daemon.
         Starting LXD - unix socket.
[[0;32m  OK  [0m] Started Daily Cleanup of Temporary Directories.
[[0;32m  OK  [0m] Started Message of the Day.
[[0;32m  OK  [0m] Listening on ACPID Listen Socket.
[[0;32m  OK  [0m] Started Daily apt download activities.
[[0;32m  OK  [0m] Listening on D-Bus System Message Bus Socket.
[[0;32m  OK  [0m] Started Daily apt upgrade and clean activities.
[[0;32m  OK  [0m] Reached target Timers.
[[0;32m  OK  [0m] Listening on UUID daemon activation socket.
cloud-init[957]: ci-info: | enp0s3 |  True | fe80::cb:9cff:fe89:3063/64 |       .       |  link  | 02:cb:9c:89:30:63 |
[   28.729773] cloud-init[957]: [[0;32m  OK  [0m] Started ACPI Events Check.
[[0;32m  OK  [0m] Reached target Paths.
ci-info: | enp0s8 | False |             .              |       .       |   .    | 08:00:27:a6:85:67 |
[[0;32m  OK  [0m] Listening on Socket activation for snappy daemon.
[   28.789319] cloud-init[957]: ci-info: |   lo   |  True |         127.0.0.1          |   255.0.0.0   |  host  |         .         |
[   28.836865] cloud-init[957]: [[0;32m  OK  [0mci-info: |   lo   |  True |          ::1/128           |       .       |  host  |         .         |] Listening on LXD - unix socket.

[[0;32m  OK  [0m] Started iSCSI initiator daemon (iscsid).
[   28.869534] cloud-init[957]: ci-info: +--------+-------+----------------------------+---------------+--------+-------------------+
         Starting Login to default iSCSI targets...
[[0;32m  OK  [0m] Reached target Sockets.[   28.896123] cloud-init[957]: ci-info: +++++++++++++++++++++++++++Route IPv4 info++++++++++++++++++++++++++++
[   28.920920] cloud-init[957]: ci-info: +-------+-------------+----------+---------------+-----------+-------+
[   28.921315] cloud-init[957]: ci-info: | Route | Destination | Gateway  |    Genmask    | Interface | Flags |
[   28.921421] 
[[0;32m  OK  [0m] Reached target Basic System.
cloud-init[957]: ci-info: +-------+-------------+----------+---------------+-----------+-------+
[   29.000961]          Starting Accounts Service...
cloud-init[957]: ci-info: |   0   |   0.0.0.0   | 10.0.2.2 |    0.0.0.0    |   enp0s3  |   UG  |
[   29.057806] cloud-init[957]: ci-info: |   1   |   10.0.2.0  | 0.0.0.0  | 255.255.255.0 |   enp0s3  |   U   |
[[0;32m  OK  [0m] Started Deferred execution scheduler.
[   29.070696] cloud-init[957]: ci-info: +-------+-------------+----------+---------------+-----------+-------+
         Starting /etc/rc.local Compatibility...
         Starting Virtualbox guest utils...
[   29.138774] cloud-init[957]: ci-info: +++++++++++++++++++Route IPv6 info+++++++++++++++++++
[   29.203416] cloud-init[957]: ci-info: +-------+-------------+---------+-----------+-------+
[   29.225993] cloud-init[957]: ci-info: | Route | Destination | Gateway | Interface | Flags |
[   29.240584] cloud-init[957]: ci-info: +-------+-------------+---------+-----------+-------+
[   29.240653] cloud-init[957]: ci-info: |   0   |  fe80::/64  |    ::   |   enp0s3  |   U   |
[[0;32m  OK  [0m] Started Regular background program processing daemon.
[   29.245653] cloud-init[957]: ci-info: |   3   |   ff00::/8  |    ::   |   enp0s3  |   U   |
[   29.338631] cloud-init[957]: ci-info: +-------+-------------+---------+-----------+-------+
[   29.346161] cloud-init[957]: Generating public/private rsa key pair.
[   29.346281] cloud-init[957]: Your identification has been saved in /etc/ssh/ssh_host_rsa_key.
[   29.346379] cloud-init[957]: Your public key has been saved in /etc/ssh/ssh_host_rsa_key.pub.
[   29.346450] cloud-init[957]: The key fingerprint is:
[   29.346522] cloud-init[957]: SHA256:XySYtwq1QJ9ObpyEkyN7I6v1rfMPwgrczblzZdiTG0U root@ubuntu-xenial
         Starting LSB: Record successful boot for GRUB...
[   29.453624] [[0;32m  OK  [0m] Started D-Bus System Message Bus.cloud-init[957]: 
The key's randomart image is:
[   29.487935] cloud-init[957]: +---[RSA 2048]----+
[   29.505878] cloud-init[957]: |      .          |
[   29.523361]          cloud-init[957]: |     . + +  E    |
[   29.532269] cloud-init[957]: |    . * O o..    |
[   29.532441] cloud-init[957]: |     o @ + +.    |
Starting LXD - container startup/shutdown...
[   29.533744] cloud-init[957]: |    o + So.o.    |
[   29.656800] cloud-init[957]: | . . B =.oB.     |
         Starting Login Service...
[   29.693665] [cloud-init[0;32m  OK  [0m[957]: ] |  o + * oo.+     |Started FUSE filesystem for LXC.

[   29.703703] cloud-init[957]: |   + oo+...      |
[   29.756633] cloud-init[957]: |  . . +*o..      |
         [   29.784922] cloud-init[957]: +----[SHA256]-----+
[   29.792270] cloud-initStarting Pollinate to seed the pseudo random number generator...
[957]: Generating public/private dsa key pair.
[   29.859024] cloud-init[957]: Your identification has been saved in /etc/ssh/ssh_host_dsa_key.
[   29.889894] cloud-init[957]: Your public key has been saved in /etc/ssh/ssh_host_dsa_key.pub.
[[0;32m  OK  [0m] Started ACPI event daemon.
[   29.924118] cloud-init[957]: The key fingerprint is:
         [   29.966169] Starting LSB: MD monitoring daemon...
cloud-init[957]: SHA256:IeFzKVbBJrKFVlFYkRwL/cCbCXNPVHGJe4WQ9ObxVvk root@ubuntu-xenial
[   30.033952] cloud-init[957]: The key's randomart image is:
[   30.084467] cloud-init[957]: +---[DSA 1024]----+
[   30.089932] cloud-init[957]: |     o=XB*.o==.o |
[   30.090038] cloud-init[957]: |    +.*+Xo. ooo o|
         Starting System Logging Service...
[   30.090548] cloud-init[957]: |   . +**=O   .+o.|
[   30.221549] cloud-init[957]: |    .. =+.o .o.oo|
         Starting Snappy daemon...
[   30.226852] cloud-init[[0;32m  OK  [0m] Started System Logging Service.
[957]: |        S    .. E|
[[   30.344690] cloud-init[957]: |               . |
[   30.361683] cloud-init[957]: |                 |
[   30.370137] cloud-init[957]: |                 |
[   30.374093] cloud-init[957]: |                 |
[   30.374169] cloud-init[957]: +----[SHA256]-----+
[   30.374257] cloud-init[957]: Generating public/private ecdsa key pair.
[   30.374376] cloud-init[957]: Your identification has been saved in /etc/ssh/ssh_host_ecdsa_key.
[   30.374532] cloud-init[957]: Your public key has been saved in /etc/ssh/ssh_host_ecdsa_key.pub.
[   30.374595] cloud-init[957]: The key fingerprint is:
[   30.374679] cloud-init[957]: SHA256:ShsFVvUgLn5rv5rU6IgjmXuMNFufRvafCvE3DQfZG60 root@ubuntu-xenial
[   30.374848] cloud-init[957]: The key's randomart image is:
[   30.374902] cloud-init[957]: +---[ECDSA 256]---+
[0;32m  OK  [0m] Started /etc/rc.local Compatibility.
[   30.375015] cloud-init[957]: |      o.o.o      |
[[   30.375125] cloud-init[957]: |     . o . = .   |
[   30.736396] cloud-init[957]: |      . o o + .  |
[   30.736473] cloud-init[957]: |     . o   . +   |
[   30.736583] cloud-init[957]: |      = S . E    |
[   30.736902] cloud-init[957]: |  o ..oB + +     |
[   30.736961] cloud-init[957]: | . O ++o* + .    |
[   30.737008] cloud-init[957]: |  * +.+*.+ o     |
[   30.737054] cloud-init[957]: |  .+.o. =+=.     |
[   30.752726] cloud-init[957]: +----[SHA256]-----+
[   30.755450] cloud-init[957]: Generating public/private ed25519 key pair.
[   30.763312] cloud-init[957]: Your identification has been saved in /etc/ssh/ssh_host_ed25519_key.
[   30.770975] cloud-init[957]: Your public key has been saved in /etc/ssh/ssh_host_ed25519_key.pub.
[   30.786032] cloud-init[957]: The key fingerprint is:
[   30.786098] cloud-init[957]: SHA256:hsVgGLEogFOP2uyg4kgtNvrq1fFucwDBmEYwIdWoevA root@ubuntu-xenial
[   30.786153] cloud-init[957]: The key's randomart image is:
[   30.786246] cloud-init[957]: +--[ED25519 256]--+
[   30.786304] cloud-init[957]: |+**+*+o          |
[   30.786352] cloud-init[957]: |= oBo= o         |
[   30.787076] cloud-init[957]: |.o+ o . o        |
[   30.787191] cloud-init[957]: |o=   . o         |
[   30.787255] cloud-init[957]: |+oo  .o S        |
[   30.787324] cloud-init[957]: |ooE . oo         |
[   30.787429] cloud-init[957]: |o*.o . ..        |
[   30.787535] cloud-init[957]: |B +   .o .       |
[   30.787685] cloud-init[957]: |==.   ..o        |
[   30.787781] cloud-init[957]: +----[SHA256]-----+
[0;32m  OK  [0m] Started LXD - container startup/shutdown.
[[0;32m  OK  [0m] Started Pollinate to seed the pseudo random number generator.
         Starting Authenticate and Authorize Users to Run Privileged Tasks...
         Starting OpenBSD Secure Shell server...
[[0;32m  OK  [0m] Started LSB: Record successful boot for GRUB.
[[0;32m  OK  [0m] Started LSB: MD monitoring daemon.
[[0;32m  OK  [0m] Started Login Service.
[[0;32m  OK  [0m] Started Snappy daemon.
[[0;32m  OK  [0m] Started OpenBSD Secure Shell server.
[[0;32m  OK  [0m] Started Virtualbox guest utils.
[[0;32m  OK  [0m] Started Login to default iSCSI targets.
[[0;32m  OK  [0m] Started Authenticate and Authorize Users to Run Privileged Tasks.
[[0;32m  OK  [0m] Started Accounts Service.
[[0;32m  OK  [0m] Reached target Remote File Systems (Pre).
[[0;32m  OK  [0m] Reached target Remote File Systems.
         Starting LSB: daemon to balance interrupts for SMP systems...
         Starting LSB: Set the CPU Frequency Scaling governor to "ondemand"...
         Starting Permit User Sessions...
         Starting LSB: automatic crash report generation...
         Starting Wait until snapd is fully seeded...
[[0;32m  OK  [0m] Started Unattended Upgrades Shutdown.
[[0;32m  OK  [0m] Started Permit User Sessions.
         Starting Hold until boot process finishes up...
         Starting Terminate Plymouth Boot Screen...
[[0;32m  OK  [0m] Started Hold until boot process finishes up.
[[0;32m  OK  [0m] Started Terminate Plymouth Boot Screen.
         Starting Set console scheme...
[[0;32m  OK  [0m] Started Serial Getty on ttyS0.
[[0;32m  OK  [0m] Started Getty on tty1.
[[0;32m  OK  [0m] Reached target Login Prompts.
[[0;32m  OK  [0m] Started LSB: daemon to balance interrupts for SMP systems.
[[0;32m  OK  [0m] Started LSB: Set the CPU Frequency Scaling governor to "ondemand".
[[0;32m  OK  [0m] Started LSB: automatic crash report generation.
[[0;32m  OK  [0m] Started Set console scheme.
[[0;32m  OK  [0m] Created slice User Slice of vagrant.
         Starting User Manager for UID 1000...
[[0;32m  OK  [0m] Started Session 1 of user vagrant.
[[0;32m  OK  [0m] Started User Manager for UID 1000.
[[0;32m  OK  [0m] Started Wait until snapd is fully seeded.
[[0;32m  OK  [0m] Reached target Multi-User System.
[[0;32m  OK  [0m] Reached target Graphical Interface.
         Starting Update UTMP about System Runlevel Changes...
         Starting Apply the settings specified in cloud-config...
[[0;32m  OK  [0m] Started Update UTMP about System Runlevel Changes.
[   34.449667] cloud-init[1383]: Generating locales (this might take a while)...
         Starting Hostname Service...
[[0;32m  OK  [0m] Started Hostname Service.
[   36.212558] cloud-init[1383]:   en_US.UTF-8... done
[   36.230934] cloud-init[1383]: Generation complete.
[   36.887416] cloud-init[1383]: Cloud-init v. 19.4-33-gbb4131a2-0ubuntu1~16.04.1 running 'modules:config' at Mon, 18 May 2020 20:10:23 +0000. Up 34.20 seconds.
[[0;32m  OK  [0m] Started Apply the settings specified in cloud-config.
         Starting Execute cloud user/final scripts...
ci-info: no authorized SSH keys fingerprints found for user ubuntu.
<14>May 18 20:10:27 ec2: 
<14>May 18 20:10:27 ec2: #############################################################
<14>May 18 20:10:27 ec2: -----BEGIN SSH HOST KEY FINGERPRINTS-----
<14>May 18 20:10:27 ec2: 1024 SHA256:IeFzKVbBJrKFVlFYkRwL/cCbCXNPVHGJe4WQ9ObxVvk root@ubuntu-xenial (DSA)
<14>May 18 20:10:27 ec2: 256 SHA256:ShsFVvUgLn5rv5rU6IgjmXuMNFufRvafCvE3DQfZG60 root@ubuntu-xenial (ECDSA)
<14>May 18 20:10:27 ec2: 256 SHA256:hsVgGLEogFOP2uyg4kgtNvrq1fFucwDBmEYwIdWoevA root@ubuntu-xenial (ED25519)
<14>May 18 20:10:27 ec2: 2048 SHA256:XySYtwq1QJ9ObpyEkyN7I6v1rfMPwgrczblzZdiTG0U root@ubuntu-xenial (RSA)
<14>May 18 20:10:27 ec2: -----END SSH HOST KEY FINGERPRINTS-----
<14>May 18 20:10:27 ec2: #############################################################
-----BEGIN SSH HOST KEY KEYS-----
ecdsa-sha2-nistp256 AAAAE2VjZHNhLXNoYTItbmlzdHAyNTYAAAAIbmlzdHAyNTYAAABBBE5ecCcodnLQRVCwsCU6O9uYQsizveqXU3GviryzKTzKMe9m2dWSWU9q6hyjvmkglrpgAJviUmPXZlC55IIlaco= root@ubuntu-xenial
ssh-ed25519 AAAAC3NzaC1lZDI1NTE5AAAAIMHaCFriDr3kAXabwu0t9lGAAHd6wuIdsz/6dGB7tuuS root@ubuntu-xenial
ssh-rsa AAAAB3NzaC1yc2EAAAADAQABAAABAQC67TeYlhNJC1rosIUP61Z5zxP0sQiniMq917/9JvdFBbN+v+UkQaZDimehNaYR5aUcYrnRytrbaVVDik+jGPkthGlQ+/tHmSk3cpibkB40tFvhfBx8iTtlaDzxWZfzpHZsQ4foyOMRo+qDzy+4/xLGK9w8SfrRmBD8NX2Xl1liUSLacjE0f34vhMFSneDMwLeS1tfDw2c2ahUX35RaNkaxtyMUcBsGVxiEJjgCCxoZJGHA9REo0qq7A4fYSTnclthf8frptfOkS2NTMiwYrh0F116fglxYgasQViUDWXUk+WVzBI/OOHu6RRK3NCmivKWyqWqfJqwmVcF4zEW3Drgv root@ubuntu-xenial
-----END SSH HOST KEY KEYS-----
[   37.944101] cloud-init[1667]: Cloud-init v. 19.4-33-gbb4131a2-0ubuntu1~16.04.1 running 'modules:final' at Mon, 18 May 2020 20:10:27 +0000. Up 37.58 seconds.
[   37.944739] cloud-init[1667]: ci-info: no authorized SSH keys fingerprints found for user ubuntu.
[   37.944932] cloud-init[1667]: Cloud-init v. 19.4-33-gbb4131a2-0ubuntu1~16.04.1 finished at Mon, 18 May 2020 20:10:27 +0000. Datasource DataSourceNoCloud [seed=/dev/sdb][dsmode=net].  Up 37.90 seconds

Ubuntu 16.04.6 LTS klant1-productie-db01 ttyS0

klant1-productie-db01 login: 